IMU.c:70:9:LSM9DS1_ReadReg	24	static
IMU.c:86:6:LSM9DS1_WriteReg	16	static
IMU.c:101:6:LSM9DS1_Init	24	static
IMU.c:121:9:MPU_begin	24	static
IMU.c:154:6:MPU_CS	16	static
IMU.c:158:9:SPIx_WriteRead	32	static
IMU.c:168:6:MPU_SPI_Write	16	static
IMU.c:179:6:MPU_SPI_Read	24	static
IMU.c:189:6:writeRegister	16	static
IMU.c:195:6:readRegisters	16	static
IMU.c:200:9:whoAmI	8	static
IMU.c:209:6:MPU6500_SetDLPFBandwidth	16	static
IMU.c:218:6:MPU_writeAccFullScaleRange	24	static
IMU.c:257:6:MPU_writeGyroFullScaleRange	24	static
IMU.c:292:9:MPU6500_ReadReg	24	static
IMU.c:303:6:MPU6500_GetData	16	static
IMU.c:326:6:MPU_calibrateGyro	40	static
IMU.c:356:6:MPU_readProcessedData	16	static
IMU.c:390:6:MPU_calcAttitude	104	static
IMU.c:455:6:MagRead	48	static
IMU.c:507:6:IMU_Setup	8	static
IMU.c:529:6:IMU_Data	8	static
IMU.c:561:6:HK_IMU	8	static
